// Jest Snapshot v1, https://goo.gl/fbAQLP

exports[`Dashboard Component renders 1`] = `
<div
  className="dashboard"
>
  <div
    className="large-table table-container"
  >
    0
    0
  </div>
</div>
`;

exports[`Dashboard Component renders with config  1`] = `
<div
  className="dashboard"
>
  <div
    className="large-table table-container"
  >
    0
    0
  </div>
</div>
`;
